[0m14:22:57.689939 [debug] [MainThread]: Sending event: {'category': 'dbt', 'action': 'invocation', 'label': 'start', 'context': [<snowplow_tracker.self_describing_json.SelfDescribingJson object at 0x7f9562823d60>, <snowplow_tracker.self_describing_json.SelfDescribingJson object at 0x7f9560b7dff0>, <snowplow_tracker.self_describing_json.SelfDescribingJson object at 0x7f9560b7df90>]}


============================== 14:22:57.692969 | 607cf525-d804-43f9-b257-892b462c5efc ==============================
[0m14:22:57.692969 [info ] [MainThread]: Running with dbt=1.7.13
[0m14:22:57.693601 [debug] [MainThread]: running dbt with arguments {'printer_width': '80', 'indirect_selection': 'eager', 'write_json': 'True', 'log_cache_events': 'False', 'partial_parse': 'True', 'cache_selected_only': 'False', 'profiles_dir': '/home/deekshagunde/.dbt', 'version_check': 'True', 'warn_error': 'None', 'log_path': 'logs', 'debug': 'False', 'fail_fast': 'False', 'use_colors': 'True', 'use_experimental_parser': 'False', 'no_print': 'None', 'quiet': 'False', 'log_format': 'default', 'invocation_command': 'dbt debug', 'warn_error_options': 'WarnErrorOptions(include=[], exclude=[])', 'static_parser': 'True', 'target_path': 'None', 'introspect': 'True', 'send_anonymous_usage_stats': 'True'}
[0m14:22:57.694104 [info ] [MainThread]: dbt version: 1.7.13
[0m14:22:57.694513 [info ] [MainThread]: python version: 3.10.12
[0m14:22:57.694939 [info ] [MainThread]: python path: /usr/bin/python3
[0m14:22:57.695331 [info ] [MainThread]: os info: Linux-5.15.146.1-microsoft-standard-WSL2-x86_64-with-glibc2.35
[0m14:22:57.922497 [info ] [MainThread]: Using profiles dir at /home/deekshagunde/.dbt
[0m14:22:57.923050 [info ] [MainThread]: Using profiles.yml file at /home/deekshagunde/.dbt/profiles.yml
[0m14:22:57.923405 [info ] [MainThread]: Using dbt_project.yml file at /home/deekshagunde/home/mwaa-product-example/aws-mwaa-local-runner/dags/data-wholesale/dbt_project.yml
[0m14:22:57.923813 [error] [MainThread]: Encountered an error:
Internal Error
  Profile should not be None if loading profile completed
[0m14:22:57.925544 [debug] [MainThread]: Resource report: {"command_name": "debug", "command_wall_clock_time": 0.28757575, "process_user_time": 2.166319, "process_kernel_time": 0.059898, "process_mem_max_rss": "104888", "process_in_blocks": "56", "process_out_blocks": "8", "command_success": false}
[0m14:22:57.926283 [debug] [MainThread]: Command `dbt debug` failed at 14:22:57.926116 after 0.29 seconds
[0m14:22:57.926750 [debug] [MainThread]: Sending event: {'category': 'dbt', 'action': 'invocation', 'label': 'end', 'context': [<snowplow_tracker.self_describing_json.SelfDescribingJson object at 0x7f9562823d60>, <snowplow_tracker.self_describing_json.SelfDescribingJson object at 0x7f955fb1c1f0>, <snowplow_tracker.self_describing_json.SelfDescribingJson object at 0x7f9560b7e410>]}
[0m14:22:57.927282 [debug] [MainThread]: Flushing usage events
[0m14:24:38.565013 [debug] [MainThread]: Sending event: {'category': 'dbt', 'action': 'invocation', 'label': 'start', 'context': [<snowplow_tracker.self_describing_json.SelfDescribingJson object at 0x7fafa7323160>, <snowplow_tracker.self_describing_json.SelfDescribingJson object at 0x7fafa5671f60>, <snowplow_tracker.self_describing_json.SelfDescribingJson object at 0x7fafa5671f00>]}


============================== 14:24:38.569089 | a3fece02-7d66-45f7-8418-a4c4dbf665f1 ==============================
[0m14:24:38.569089 [info ] [MainThread]: Running with dbt=1.7.13
[0m14:24:38.570111 [debug] [MainThread]: running dbt with arguments {'printer_width': '80', 'indirect_selection': 'eager', 'log_cache_events': 'False', 'write_json': 'True', 'partial_parse': 'True', 'cache_selected_only': 'False', 'profiles_dir': '/home/deekshagunde/.dbt', 'fail_fast': 'False', 'warn_error': 'None', 'log_path': 'logs', 'version_check': 'True', 'debug': 'False', 'use_colors': 'True', 'use_experimental_parser': 'False', 'no_print': 'None', 'quiet': 'False', 'warn_error_options': 'WarnErrorOptions(include=[], exclude=[])', 'introspect': 'True', 'log_format': 'default', 'static_parser': 'True', 'target_path': 'None', 'invocation_command': 'dbt debug', 'send_anonymous_usage_stats': 'True'}
[0m14:24:38.571160 [info ] [MainThread]: dbt version: 1.7.13
[0m14:24:38.571733 [info ] [MainThread]: python version: 3.10.12
[0m14:24:38.572232 [info ] [MainThread]: python path: /usr/bin/python3
[0m14:24:38.572669 [info ] [MainThread]: os info: Linux-5.15.146.1-microsoft-standard-WSL2-x86_64-with-glibc2.35
[0m14:24:38.783287 [info ] [MainThread]: Using profiles dir at /home/deekshagunde/.dbt
[0m14:24:38.784400 [info ] [MainThread]: Using profiles.yml file at /home/deekshagunde/.dbt/profiles.yml
[0m14:24:38.785612 [info ] [MainThread]: Using dbt_project.yml file at /home/deekshagunde/home/mwaa-product-example/aws-mwaa-local-runner/dags/data-wholesale/dbt_project.yml
[0m14:24:38.786497 [error] [MainThread]: Encountered an error:
Internal Error
  Profile should not be None if loading profile completed
[0m14:24:38.787874 [debug] [MainThread]: Resource report: {"command_name": "debug", "command_wall_clock_time": 0.2689784, "process_user_time": 2.539407, "process_kernel_time": 0.120446, "process_mem_max_rss": "104636", "process_out_blocks": "16", "command_success": false, "process_in_blocks": "0"}
[0m14:24:38.788542 [debug] [MainThread]: Command `dbt debug` failed at 14:24:38.788420 after 0.27 seconds
[0m14:24:38.788924 [debug] [MainThread]: Sending event: {'category': 'dbt', 'action': 'invocation', 'label': 'end', 'context': [<snowplow_tracker.self_describing_json.SelfDescribingJson object at 0x7fafa7323160>, <snowplow_tracker.self_describing_json.SelfDescribingJson object at 0x7fafa4616650>, <snowplow_tracker.self_describing_json.SelfDescribingJson object at 0x7fafa5672380>]}
[0m14:24:38.789329 [debug] [MainThread]: Flushing usage events
